[translated]
module tests

const ( // empty enum
	jvm_acc_public       = 1
	jvm_acc_private      = 2
	jvm_acc_protected    = 4
	jvm_acc_static       = 8
	jvm_acc_final        = 16
	jvm_acc_synchronized = 32
	jvm_acc_super        = 32
	jvm_acc_volatile     = 64
	jvm_acc_bridge       = 64
	jvm_acc_transient    = 128
	jvm_acc_varargs      = 128
	jvm_acc_native       = 256
	jvm_acc_interface    = 512
	jvm_acc_abstract     = 1024
	jvm_acc_strict       = 2048
	jvm_acc_synthetic    = 4096
	jvm_acc_annotation   = 8192
	jvm_acc_enum         = 16384
	jvm_acc_module       = 32768
)

const ( // empty enum
	jvm_t_boolean = 4
	jvm_t_char    = 5
	jvm_t_float   = 6
	jvm_t_double  = 7
	jvm_t_byte    = 8
	jvm_t_short   = 9
	jvm_t_int     = 10
	jvm_t_long    = 11
)

const ( // empty enum
	jvm_constant_utf8               = 1
	jvm_constant_unicode            = 2
	jvm_constant_integer            = 3
	jvm_constant_float              = 4
	jvm_constant_long               = 5
	jvm_constant_double             = 6
	jvm_constant_class              = 7
	jvm_constant_string             = 8
	jvm_constant_fieldref           = 9
	jvm_constant_methodref          = 10
	jvm_constant_interfacemethodref = 11
	jvm_constant_nameandtype        = 12
	jvm_constant_methodhandle       = 15
	jvm_constant_methodtype         = 16
	jvm_constant_dynamic            = 17
	jvm_constant_invokedynamic      = 18
	jvm_constant_module             = 19
	jvm_constant_package            = 20
	jvm_constant_externalmax        = 20
)

const ( // empty enum
	jvm_ref_getfield         = 1
	jvm_ref_getstatic        = 2
	jvm_ref_putfield         = 3
	jvm_ref_putstatic        = 4
	jvm_ref_invokevirtual    = 5
	jvm_ref_invokestatic     = 6
	jvm_ref_invokespecial    = 7
	jvm_ref_newinvokespecial = 8
	jvm_ref_invokeinterface  = 9
)

const ( // empty enum
	jvm_item_top               = 0
	jvm_item_integer           = 1
	jvm_item_float             = 2
	jvm_item_double            = 3
	jvm_item_long              = 4
	jvm_item_null              = 5
	jvm_item_uninitializedthis = 6
	jvm_item_object            = 7
	jvm_item_uninitialized     = 8
)

const ( // empty enum
	jvm_signature_slash      = `/`
	jvm_signature_dot        = `.`
	jvm_signature_special    = `<`
	jvm_signature_endspecial = `>`
	jvm_signature_array      = `[`
	jvm_signature_byte       = `B`
	jvm_signature_char       = `C`
	jvm_signature_class      = `L`
	jvm_signature_endclass   = `;`
	jvm_signature_enum       = `E`
	jvm_signature_float      = `F`
	jvm_signature_double     = `D`
	jvm_signature_func       = `(`
	jvm_signature_endfunc    = `)`
	jvm_signature_int        = `I`
	jvm_signature_long       = `J`
	jvm_signature_short      = `S`
	jvm_signature_void       = `V`
	jvm_signature_boolean    = `Z`
)

const ( // empty enum
	jvm_opc_nop             = 0
	jvm_opc_aconst_null     = 1
	jvm_opc_iconst_m1       = 2
	jvm_opc_iconst_0        = 3
	jvm_opc_iconst_1        = 4
	jvm_opc_iconst_2        = 5
	jvm_opc_iconst_3        = 6
	jvm_opc_iconst_4        = 7
	jvm_opc_iconst_5        = 8
	jvm_opc_lconst_0        = 9
	jvm_opc_lconst_1        = 10
	jvm_opc_fconst_0        = 11
	jvm_opc_fconst_1        = 12
	jvm_opc_fconst_2        = 13
	jvm_opc_dconst_0        = 14
	jvm_opc_dconst_1        = 15
	jvm_opc_bipush          = 16
	jvm_opc_sipush          = 17
	jvm_opc_ldc             = 18
	jvm_opc_ldc_w           = 19
	jvm_opc_ldc2_w          = 20
	jvm_opc_iload           = 21
	jvm_opc_lload           = 22
	jvm_opc_fload           = 23
	jvm_opc_dload           = 24
	jvm_opc_aload           = 25
	jvm_opc_iload_0         = 26
	jvm_opc_iload_1         = 27
	jvm_opc_iload_2         = 28
	jvm_opc_iload_3         = 29
	jvm_opc_lload_0         = 30
	jvm_opc_lload_1         = 31
	jvm_opc_lload_2         = 32
	jvm_opc_lload_3         = 33
	jvm_opc_fload_0         = 34
	jvm_opc_fload_1         = 35
	jvm_opc_fload_2         = 36
	jvm_opc_fload_3         = 37
	jvm_opc_dload_0         = 38
	jvm_opc_dload_1         = 39
	jvm_opc_dload_2         = 40
	jvm_opc_dload_3         = 41
	jvm_opc_aload_0         = 42
	jvm_opc_aload_1         = 43
	jvm_opc_aload_2         = 44
	jvm_opc_aload_3         = 45
	jvm_opc_iaload          = 46
	jvm_opc_laload          = 47
	jvm_opc_faload          = 48
	jvm_opc_daload          = 49
	jvm_opc_aaload          = 50
	jvm_opc_baload          = 51
	jvm_opc_caload          = 52
	jvm_opc_saload          = 53
	jvm_opc_istore          = 54
	jvm_opc_lstore          = 55
	jvm_opc_fstore          = 56
	jvm_opc_dstore          = 57
	jvm_opc_astore          = 58
	jvm_opc_istore_0        = 59
	jvm_opc_istore_1        = 60
	jvm_opc_istore_2        = 61
	jvm_opc_istore_3        = 62
	jvm_opc_lstore_0        = 63
	jvm_opc_lstore_1        = 64
	jvm_opc_lstore_2        = 65
	jvm_opc_lstore_3        = 66
	jvm_opc_fstore_0        = 67
	jvm_opc_fstore_1        = 68
	jvm_opc_fstore_2        = 69
	jvm_opc_fstore_3        = 70
	jvm_opc_dstore_0        = 71
	jvm_opc_dstore_1        = 72
	jvm_opc_dstore_2        = 73
	jvm_opc_dstore_3        = 74
	jvm_opc_astore_0        = 75
	jvm_opc_astore_1        = 76
	jvm_opc_astore_2        = 77
	jvm_opc_astore_3        = 78
	jvm_opc_iastore         = 79
	jvm_opc_lastore         = 80
	jvm_opc_fastore         = 81
	jvm_opc_dastore         = 82
	jvm_opc_aastore         = 83
	jvm_opc_bastore         = 84
	jvm_opc_castore         = 85
	jvm_opc_sastore         = 86
	jvm_opc_pop             = 87
	jvm_opc_pop2            = 88
	jvm_opc_dup             = 89
	jvm_opc_dup_x1          = 90
	jvm_opc_dup_x2          = 91
	jvm_opc_dup2            = 92
	jvm_opc_dup2_x1         = 93
	jvm_opc_dup2_x2         = 94
	jvm_opc_swap            = 95
	jvm_opc_iadd            = 96
	jvm_opc_ladd            = 97
	jvm_opc_fadd            = 98
	jvm_opc_dadd            = 99
	jvm_opc_isub            = 100
	jvm_opc_lsub            = 101
	jvm_opc_fsub            = 102
	jvm_opc_dsub            = 103
	jvm_opc_imul            = 104
	jvm_opc_lmul            = 105
	jvm_opc_fmul            = 106
	jvm_opc_dmul            = 107
	jvm_opc_idiv            = 108
	jvm_opc_ldiv            = 109
	jvm_opc_fdiv            = 110
	jvm_opc_ddiv            = 111
	jvm_opc_irem            = 112
	jvm_opc_lrem            = 113
	jvm_opc_frem            = 114
	jvm_opc_drem            = 115
	jvm_opc_ineg            = 116
	jvm_opc_lneg            = 117
	jvm_opc_fneg            = 118
	jvm_opc_dneg            = 119
	jvm_opc_ishl            = 120
	jvm_opc_lshl            = 121
	jvm_opc_ishr            = 122
	jvm_opc_lshr            = 123
	jvm_opc_iushr           = 124
	jvm_opc_lushr           = 125
	jvm_opc_iand            = 126
	jvm_opc_land            = 127
	jvm_opc_ior             = 128
	jvm_opc_lor             = 129
	jvm_opc_ixor            = 130
	jvm_opc_lxor            = 131
	jvm_opc_iinc            = 132
	jvm_opc_i2l             = 133
	jvm_opc_i2f             = 134
	jvm_opc_i2d             = 135
	jvm_opc_l2i             = 136
	jvm_opc_l2f             = 137
	jvm_opc_l2d             = 138
	jvm_opc_f2i             = 139
	jvm_opc_f2l             = 140
	jvm_opc_f2d             = 141
	jvm_opc_d2i             = 142
	jvm_opc_d2l             = 143
	jvm_opc_d2f             = 144
	jvm_opc_i2b             = 145
	jvm_opc_i2c             = 146
	jvm_opc_i2s             = 147
	jvm_opc_lcmp            = 148
	jvm_opc_fcmpl           = 149
	jvm_opc_fcmpg           = 150
	jvm_opc_dcmpl           = 151
	jvm_opc_dcmpg           = 152
	jvm_opc_ifeq            = 153
	jvm_opc_ifne            = 154
	jvm_opc_iflt            = 155
	jvm_opc_ifge            = 156
	jvm_opc_ifgt            = 157
	jvm_opc_ifle            = 158
	jvm_opc_if_icmpeq       = 159
	jvm_opc_if_icmpne       = 160
	jvm_opc_if_icmplt       = 161
	jvm_opc_if_icmpge       = 162
	jvm_opc_if_icmpgt       = 163
	jvm_opc_if_icmple       = 164
	jvm_opc_if_acmpeq       = 165
	jvm_opc_if_acmpne       = 166
	jvm_opc_goto            = 167
	jvm_opc_jsr             = 168
	jvm_opc_ret             = 169
	jvm_opc_tableswitch     = 170
	jvm_opc_lookupswitch    = 171
	jvm_opc_ireturn         = 172
	jvm_opc_lreturn         = 173
	jvm_opc_freturn         = 174
	jvm_opc_dreturn         = 175
	jvm_opc_areturn         = 176
	jvm_opc_return          = 177
	jvm_opc_getstatic       = 178
	jvm_opc_putstatic       = 179
	jvm_opc_getfield        = 180
	jvm_opc_putfield        = 181
	jvm_opc_invokevirtual   = 182
	jvm_opc_invokespecial   = 183
	jvm_opc_invokestatic    = 184
	jvm_opc_invokeinterface = 185
	jvm_opc_invokedynamic   = 186
	jvm_opc_new             = 187
	jvm_opc_newarray        = 188
	jvm_opc_anewarray       = 189
	jvm_opc_arraylength     = 190
	jvm_opc_athrow          = 191
	jvm_opc_checkcast       = 192
	jvm_opc_instanceof      = 193
	jvm_opc_monitorenter    = 194
	jvm_opc_monitorexit     = 195
	jvm_opc_wide            = 196
	jvm_opc_multianewarray  = 197
	jvm_opc_ifnull          = 198
	jvm_opc_ifnonnull       = 199
	jvm_opc_goto_w          = 200
	jvm_opc_jsr_w           = 201
	jvm_opc_max             = 201
)
