[translated]
module main

type TSTexture = voidptr
