[translated]
module main

fn main() {
	if 10 > 5 {
		C.printf(c'10 > 5')
	} else {
		C.printf(c'no')
	}
	x := 10
	y := 20
	if y > x {
		C.printf(c'y > x')
	}
	if y + 1 > x {
	}
	if 1 {
		C.printf(c'one')
	} else if 1 > 0 || x < y || (x > y && x < y + 1) {
		C.printf(c'two')
		C.printf(c'three')
	}
	return
}
