@[translated]
module main

fn main() {
	a := f64(0)
}
