[translated]
module tests

fn C.testFunc()

pub fn testfunc() {
	C.testFunc()
}
